// Jest Snapshot v1, https://goo.gl/fbAQLP

exports[`forgetPassword should render correctly in "debug" mode 1`] = `
<div
  className="maindiv"
>
  <WithStyles(Card)
    id="card"
  >
    <WithStyles(Typography)
      color="primary"
      id="loginT"
    >
      Forget Password
    </WithStyles(Typography)>
    <div
      className="hold"
    >
      <div
        className="inputRsP"
      >
        <Input
          id="emailForPasswordReset"
          label="email"
          name="email"
          onChange={[Function]}
          placeholder="enter email"
          type="text"
        />
        <div
          className="msg"
        />
      </div>
      <div
        className="button"
      >
        <WithStyles(Button)
          color="primary"
          onClick={[Function]}
          type="Submit"
          variant="contained"
        >
          submit
        </WithStyles(Button)>
      </div>
      <div
        className="resetLinkMsg"
      />
      <div
        id="spanDiv"
      >
        <span
          className="goLogin"
        >
          <a
            href="/login"
          >
            Login?
          </a>
        </span>
      </div>
    </div>
  </WithStyles(Card)>
</div>
`;
