// Jest Snapshot v1, https://goo.gl/fbAQLP

exports[`Login should render correctly in "debug" mode 1`] = `
<div
  className="maindiv"
>
  <WithStyles(Card)
    id="card"
  >
    <WithStyles(Typography)
      color="primary"
      id="loginT"
    >
      Login
    </WithStyles(Typography)>
    <div
      className="hold"
    >
      <div
        className="input"
      >
        <Input
          id="userEmail"
          label="email"
          name="email"
          onChange={[Function]}
          placeholder="enter email"
          type="text"
        />
      </div>
      <div
        className="input"
      >
        <Input
          id="userPassword"
          label="password"
          name="password"
          onChange={[Function]}
          placeholder="enter password"
          type="password"
        />
      </div>
      <div
        className="button"
      >
        <WithStyles(Button)
          color="primary"
          id="loginButton"
          onClick={[Function]}
          type="Submit"
          variant="contained"
        >
          login
        </WithStyles(Button)>
      </div>
      <div
        className="errMsg"
      />
      <div
        className="socialLogin"
      >
        <LoginWithGoogle
          loginWithGoogle={[Function]}
        />
        <LoginWithFacebook
          loginWithGoogle={[Function]}
        />
      </div>
      <div
        id="spanDiv"
      >
        <span
          className="reg"
        >
          New User? 
          <a
            href="/register"
          >
            register
          </a>
        </span>
        <span
          className="psw"
        >
          Forgot 
          <a
            href="/forgetpassword"
          >
            password?
          </a>
        </span>
      </div>
    </div>
  </WithStyles(Card)>
</div>
`;
