// Jest Snapshot v1, https://goo.gl/fbAQLP

exports[`SetPassword should render correctly in "debug" mode SetPassword 1`] = `
<div
  className="maindiv"
>
  <WithStyles(Card)
    id="card"
  >
    <div>
      <WithStyles(Typography)
        color="primary"
        id="registerT"
      >
        Set Password
      </WithStyles(Typography)>
      <div
        className="hold"
      >
        <div
          className="input"
        >
          <Input
            id="resetPassword"
            label="password"
            name="password"
            onChange={[Function]}
            placeholder="enter password"
            type="password"
          />
          <div
            className="msg"
          />
        </div>
        <div
          className="input"
        >
          <Input
            id="resetRPassword"
            label="confirm password"
            name="rpassword"
            onChange={[Function]}
            placeholder="confirm password"
            type="password"
          />
          <div
            className="msg"
          />
        </div>
        <div
          className="button"
        >
          <WithStyles(Button)
            color="primary"
            id="saveButton"
            onClick={[Function]}
            variant="contained"
          >
            save
          </WithStyles(Button)>
        </div>
        <div
          className="errMsg"
        />
      </div>
    </div>
  </WithStyles(Card)>
</div>
`;
